  Determining projects to restore...
  All projects are up-to-date for restore.
  RetailPOS.Contracts -> C:\Users\Gopala Krishna\Desktop\Project\RetailPOS.Contracts\bin\Debug\net10.0\RetailPOS.Contracts.dll
  RetailPOS.Common -> C:\Users\Gopala Krishna\Desktop\Project\RetailPOS.Common\bin\Debug\net10.0\RetailPOS.Common.dll
C:\Users\Gopala Krishna\Desktop\Project\CatalogService\Services\CatalogServices.cs(167,92): error CS1061: 'CategoryRepository' does not contain a definition for 'GetContext' and no accessible extension method 'GetContext' accepting a first argument of type 'CategoryRepository' could be found (are you missing a using directive or an assembly reference?) [C:\Users\Gopala Krishna\Desktop\Project\CatalogService\CatalogService.csproj]
C:\Users\Gopala Krishna\Desktop\Project\CatalogService\Services\CatalogServices.cs(29,90): error CS1061: 'ProductRepository' does not contain a definition for 'GetContext' and no accessible extension method 'GetContext' accepting a first argument of type 'ProductRepository' could be found (are you missing a using directive or an assembly reference?) [C:\Users\Gopala Krishna\Desktop\Project\CatalogService\CatalogService.csproj]

Build FAILED.

C:\Users\Gopala Krishna\Desktop\Project\CatalogService\Services\CatalogServices.cs(167,92): error CS1061: 'CategoryRepository' does not contain a definition for 'GetContext' and no accessible extension method 'GetContext' accepting a first argument of type 'CategoryRepository' could be found (are you missing a using directive or an assembly reference?) [C:\Users\Gopala Krishna\Desktop\Project\CatalogService\CatalogService.csproj]
C:\Users\Gopala Krishna\Desktop\Project\CatalogService\Services\CatalogServices.cs(29,90): error CS1061: 'ProductRepository' does not contain a definition for 'GetContext' and no accessible extension method 'GetContext' accepting a first argument of type 'ProductRepository' could be found (are you missing a using directive or an assembly reference?) [C:\Users\Gopala Krishna\Desktop\Project\CatalogService\CatalogService.csproj]
    0 Warning(s)
    2 Error(s)

Time Elapsed 00:00:02.43
